// Vitest Snapshot v1

exports[`Client > should test client 1`] = `[]`;
